{
  "version": "1.5.0",
  "plugins_used": [
    {
      "name": "ArtifactoryDetector"
    },
    {
      "name": "AWSKeyDetector"
    },
    {
      "name": "AzureStorageKeyDetector"
    },
    {
      "name": "Base64HighEntropyString",
      "limit": 4.5
    },
    {
      "name": "BasicAuthDetector"
    },
    {
      "name": "CloudantDetector"
    },
    {
      "name": "DiscordBotTokenDetector"
    },
    {
      "name": "GitHubTokenDetector"
    },
    {
      "name": "GitLabTokenDetector"
    },
    {
      "name": "HexHighEntropyString",
      "limit": 3.0
    },
    {
      "name": "IbmCloudIamDetector"
    },
    {
      "name": "IbmCosHmacDetector"
    },
    {
      "name": "IPPublicDetector"
    },
    {
      "name": "JwtTokenDetector"
    },
    {
      "name": "KeywordDetector",
      "keyword_exclude": ""
    },
    {
      "name": "MailchimpDetector"
    },
    {
      "name": "NpmDetector"
    },
    {
      "name": "OpenAIDetector"
    },
    {
      "name": "PrivateKeyDetector"
    },
    {
      "name": "PypiTokenDetector"
    },
    {
      "name": "SendGridDetector"
    },
    {
      "name": "SlackDetector"
    },
    {
      "name": "SoftlayerDetector"
    },
    {
      "name": "SquareOAuthDetector"
    },
    {
      "name": "StripeDetector"
    },
    {
      "name": "TelegramBotTokenDetector"
    },
    {
      "name": "TwilioKeyDetector"
    }
  ],
  "filters_used": [
    {
      "path": "detect_secrets.filters.allowlist.is_line_allowlisted"
    },
    {
      "path": "detect_secrets.filters.common.is_baseline_file",
      "filename": ".secrets.baseline"
    },
    {
      "path": "detect_secrets.filters.common.is_ignored_due_to_verification_policies",
      "min_level": 2
    },
    {
      "path": "detect_secrets.filters.heuristic.is_indirect_reference"
    },
    {
      "path": "detect_secrets.filters.heuristic.is_likely_id_string"
    },
    {
      "path": "detect_secrets.filters.heuristic.is_lock_file"
    },
    {
      "path": "detect_secrets.filters.heuristic.is_not_alphanumeric_string"
    },
    {
      "path": "detect_secrets.filters.heuristic.is_potential_uuid"
    },
    {
      "path": "detect_secrets.filters.heuristic.is_prefixed_with_dollar_sign"
    },
    {
      "path": "detect_secrets.filters.heuristic.is_sequential_string"
    },
    {
      "path": "detect_secrets.filters.heuristic.is_swagger_file"
    },
    {
      "path": "detect_secrets.filters.heuristic.is_templated_secret"
    },
    {
      "path": "detect_secrets.filters.regex.should_exclude_file",
      "pattern": [
        "\\.git"
      ]
    }
  ],
  "results": {
    "README.md": [
      {
        "type": "Secret Keyword",
        "filename": "README.md",
        "hashed_secret": "f7485c89e918d73cb3096af4ff0b916a27bf9a5d",
        "is_verified": false,
        "line_number": 327
      }
    ],
    "central-services/auth-service/README.md": [
      {
        "type": "Basic Auth Credentials",
        "filename": "central-services/auth-service/README.md",
        "hashed_secret": "9d4e1e23bd5b727046a9e3b4b7db57bd8d6ee684",
        "is_verified": false,
        "line_number": 272
      }
    ],
    "central-services/secrets-manager/README.md": [
      {
        "type": "Basic Auth Credentials",
        "filename": "central-services/secrets-manager/README.md",
        "hashed_secret": "b02dff0ec9d24823e77c27c281a852247896b86d",
        "is_verified": false,
        "line_number": 26
      }
    ],
    "tests/test_zero_issues.py": [
      {
        "type": "Private Key",
        "filename": "tests/test_zero_issues.py",
        "hashed_secret": "be4fc4886bd949b369d5e092eb87494f12e57e5b",
        "is_verified": false,
        "line_number": 290
      },
      {
        "type": "Private Key",
        "filename": "tests/test_zero_issues.py",
        "hashed_secret": "daefe0b4345a654580dcad25c7c11ff4c944a8c0",
        "is_verified": false,
        "line_number": 291
      },
      {
        "type": "Private Key",
        "filename": "tests/test_zero_issues.py",
        "hashed_secret": "f0778f3e140a61d5bbbed5430773e52af2f5fba4",
        "is_verified": false,
        "line_number": 292
      },
      {
        "type": "Private Key",
        "filename": "tests/test_zero_issues.py",
        "hashed_secret": "27c6929aef41ae2bcadac15ca6abcaff72cda9cd",
        "is_verified": false,
        "line_number": 293
      },
      {
        "type": "Private Key",
        "filename": "tests/test_zero_issues.py",
        "hashed_secret": "1348b145fa1a555461c1b790a2f66614781091e9",
        "is_verified": false,
        "line_number": 294
      }
    ],
    "{{cookiecutter.project_slug}}/.qlty/qlty.toml": [
      {
        "type": "Secret Keyword",
        "filename": "{{cookiecutter.project_slug}}/.qlty/qlty.toml",
        "hashed_secret": "f34cbca70da40924621696ada8300cdb9db482b1",
        "is_verified": false,
        "line_number": 108
      }
    ],
    "{{cookiecutter.project_slug}}/docker-compose.prod.yml": [
      {
        "type": "Secret Keyword",
        "filename": "{{cookiecutter.project_slug}}/docker-compose.prod.yml",
        "hashed_secret": "ea8edfd4ebae57c29280593efa8fe9ae953c9bfe",
        "is_verified": false,
        "line_number": 102
      }
    ],
    "{{cookiecutter.project_slug}}/tests/load/k6-script.js": [
      {
        "type": "Secret Keyword",
        "filename": "{{cookiecutter.project_slug}}/tests/load/k6-script.js",
        "hashed_secret": "206c80413b9a96c1312cc346b7d2517b84463edd",
        "is_verified": false,
        "line_number": 152
      }
    ],
    "{{cookiecutter.project_slug}}/tests/load/locustfile.py": [
      {
        "type": "Secret Keyword",
        "filename": "{{cookiecutter.project_slug}}/tests/load/locustfile.py",
        "hashed_secret": "7288edd0fc3ffcbe93a0cf06e3568e28521687bc",
        "is_verified": false,
        "line_number": 64
      }
    ]
  },
  "generated_at": "2026-05-20T04:32:31Z"
}
